Calculating task graph as configuration cache cannot be reused because file 'app\build.gradle.kts' has changed.
./gradlew : 
At line:1 char:1
+ ./gradlew assembleDebug --stacktrace > 
build_error.log 2>&1
+ ~~~~~~~~~~~~~~~~~~~~~~~~~~~~~~~~~~~~~~~~~~~~~~~
~~~~~~~~~~~~
    + CategoryInfo          : NotSpecified: (:St 
   ring) [], RemoteException
    + FullyQualifiedErrorId : NativeCommandError
 
FAILURE: Build failed with an exception.

* What went wrong:
A problem occurred configuring project ':app'.
> com.android.builder.errors.EvalIssueException: 
Starting in Kotlin 2.0, the Compose Compiler 
Gradle plugin is required
  when compose is enabled. See the following 
link for more information:
  https://d.android.com/r/studio-ui/compose-compi
ler

* Try:
> Run with --info or --debug option to get more 
log output.
> Run with --scan to get full insights.
> Get more help at https://help.gradle.org.

* Exception is:
org.gradle.api.ProjectConfigurationException: A 
problem occurred configuring project ':app'.
	at org.gradle.configuration.project.LifecyclePro
jectEvaluator.wrapException(LifecycleProjectEvalu
ator.java:84)
	at org.gradle.configuration.project.LifecyclePro
jectEvaluator.addConfigurationFailure(LifecyclePr
ojectEvaluator.java:77)
	at org.gradle.configuration.project.LifecyclePro
jectEvaluator.access$500(LifecycleProjectEvaluato
r.java:55)
	at org.gradle.configuration.project.LifecyclePro
jectEvaluator$NotifyAfterEvaluate.run(LifecyclePr
ojectEvaluator.java:255)
	at org.gradle.internal.operations.DefaultBuildOp
erationRunner$1.execute(DefaultBuildOperationRunn
er.java:29)
	at org.gradle.internal.operations.DefaultBuildOp
erationRunner$1.execute(DefaultBuildOperationRunn
er.java:26)
	at org.gradle.internal.operations.DefaultBuildOp
erationRunner$2.execute(DefaultBuildOperationRunn
er.java:66)
	at org.gradle.internal.operations.DefaultBuildOp
erationRunner$2.execute(DefaultBuildOperationRunn
er.java:59)
	at org.gradle.internal.operations.DefaultBuildOp
erationRunner.execute(DefaultBuildOperationRunner
.java:166)
	at org.gradle.internal.operations.DefaultBuildOp
erationRunner.execute(DefaultBuildOperationRunner
.java:59)
	at org.gradle.internal.operations.DefaultBuildOp
erationRunner.run(DefaultBuildOperationRunner.jav
a:47)
	at org.gradle.configuration.project.LifecyclePro
jectEvaluator$EvaluateProject.lambda$run$0(Lifecy
cleProjectEvaluator.java:114)
	at org.gradle.api.internal.project.DefaultProjec
tStateRegistry$ProjectStateImpl.lambda$applyToMut
ableState$1(DefaultProjectStateRegistry.java:411)
	at org.gradle.api.internal.project.DefaultProjec
tStateRegistry$ProjectStateImpl.lambda$fromMutabl
eState$2(DefaultProjectStateRegistry.java:434)
	at org.gradle.internal.work.DefaultWorkerLeaseSe
rvice.withReplacedLocks(DefaultWorkerLeaseService
.java:359)
	at org.gradle.api.internal.project.DefaultProjec
tStateRegistry$ProjectStateImpl.fromMutableState(
DefaultProjectStateRegistry.java:434)
	at org.gradle.api.internal.project.DefaultProjec
tStateRegistry$ProjectStateImpl.applyToMutableSta
te(DefaultProjectStateRegistry.java:410)
	at org.gradle.configuration.project.LifecyclePro
jectEvaluator$EvaluateProject.run(LifecycleProjec
tEvaluator.java:100)
	at org.gradle.internal.operations.DefaultBuildOp
erationRunner$1.execute(DefaultBuildOperationRunn
er.java:29)
	at org.gradle.internal.operations.DefaultBuildOp
erationRunner$1.execute(DefaultBuildOperationRunn
er.java:26)
	at org.gradle.internal.operations.DefaultBuildOp
erationRunner$2.execute(DefaultBuildOperationRunn
er.java:66)
	at org.gradle.internal.operations.DefaultBuildOp
erationRunner$2.execute(DefaultBuildOperationRunn
er.java:59)
	at org.gradle.internal.operations.DefaultBuildOp
erationRunner.execute(DefaultBuildOperationRunner
.java:166)
	at org.gradle.internal.operations.DefaultBuildOp
erationRunner.execute(DefaultBuildOperationRunner
.java:59)
	at org.gradle.internal.operations.DefaultBuildOp
erationRunner.run(DefaultBuildOperationRunner.jav
a:47)
	at org.gradle.configuration.project.LifecyclePro
jectEvaluator.evaluate(LifecycleProjectEvaluator.
java:72)
	at org.gradle.api.internal.project.DefaultProjec
t.evaluateUnchecked(DefaultProject.java:825)
	at org.gradle.api.internal.project.ProjectLifecy
cleController.lambda$ensureSelfConfigured$2(Proje
ctLifecycleController.java:85)
	at org.gradle.internal.model.StateTransitionCont
roller.lambda$doTransition$14(StateTransitionCont
roller.java:255)
	at org.gradle.internal.model.StateTransitionCont
roller.doTransition(StateTransitionController.jav
a:266)
	at org.gradle.internal.model.StateTransitionCont
roller.doTransition(StateTransitionController.jav
a:254)
	at org.gradle.internal.model.StateTransitionCont
roller.lambda$maybeTransitionIfNotCurrentlyTransi
tioning$10(StateTransitionController.java:199)
	at org.gradle.internal.work.DefaultSynchronizer.
withLock(DefaultSynchronizer.java:36)
	at org.gradle.internal.model.StateTransitionCont
roller.maybeTransitionIfNotCurrentlyTransitioning
(StateTransitionController.java:195)
	at org.gradle.api.internal.project.ProjectLifecy
cleController.ensureSelfConfigured(ProjectLifecyc
leController.java:85)
	at org.gradle.api.internal.project.DefaultProjec
tStateRegistry$ProjectStateImpl.ensureConfigured(
DefaultProjectStateRegistry.java:385)
	at org.gradle.execution.TaskPathProjectEvaluator
.configure(TaskPathProjectEvaluator.java:42)
	at org.gradle.execution.TaskPathProjectEvaluator
.configureHierarchy(TaskPathProjectEvaluator.java
:58)
	at org.gradle.configuration.DefaultProjectsPrepa
rer.prepareProjects(DefaultProjectsPreparer.java:
50)
	at org.gradle.configuration.BuildTreePreparingPr
ojectsPreparer.prepareProjects(BuildTreePreparing
ProjectsPreparer.java:65)
	at org.gradle.configuration.BuildOperationFiring
ProjectsPreparer$ConfigureBuild.run(BuildOperatio
nFiringProjectsPreparer.java:52)
	at org.gradle.internal.operations.DefaultBuildOp
erationRunner$1.execute(DefaultBuildOperationRunn
er.java:29)
	at org.gradle.internal.operations.DefaultBuildOp
erationRunner$1.execute(DefaultBuildOperationRunn
er.java:26)
	at org.gradle.internal.operations.DefaultBuildOp
erationRunner$2.execute(DefaultBuildOperationRunn
er.java:66)
	at org.gradle.internal.operations.DefaultBuildOp
erationRunner$2.execute(DefaultBuildOperationRunn
er.java:59)
	at org.gradle.internal.operations.DefaultBuildOp
erationRunner.execute(DefaultBuildOperationRunner
.java:166)
	at org.gradle.internal.operations.DefaultBuildOp
erationRunner.execute(DefaultBuildOperationRunner
.java:59)
	at org.gradle.internal.operations.DefaultBuildOp
erationRunner.run(DefaultBuildOperationRunner.jav
a:47)
	at org.gradle.configuration.BuildOperationFiring
ProjectsPreparer.prepareProjects(BuildOperationFi
ringProjectsPreparer.java:40)
	at org.gradle.initialization.VintageBuildModelCo
ntroller.lambda$prepareProjects$2(VintageBuildMod
elController.java:84)
	at org.gradle.internal.model.StateTransitionCont
roller.lambda$doTransition$14(StateTransitionCont
roller.java:255)
	at org.gradle.internal.model.StateTransitionCont
roller.doTransition(StateTransitionController.jav
a:266)
	at org.gradle.internal.model.StateTransitionCont
roller.doTransition(StateTransitionController.jav
a:254)
	at org.gradle.internal.model.StateTransitionCont
roller.lambda$transitionIfNotPreviously$11(StateT
ransitionController.java:213)
	at org.gradle.internal.work.DefaultSynchronizer.
withLock(DefaultSynchronizer.java:36)
	at org.gradle.internal.model.StateTransitionCont
roller.transitionIfNotPreviously(StateTransitionC
ontroller.java:209)
	at org.gradle.initialization.VintageBuildModelCo
ntroller.prepareProjects(VintageBuildModelControl
ler.java:84)
	at org.gradle.initialization.VintageBuildModelCo
ntroller.prepareToScheduleTasks(VintageBuildModel
Controller.java:71)
	at org.gradle.internal.cc.impl.ConfigurationCach
eAwareBuildModelController.prepareToScheduleTasks
(ConfigurationCacheAwareBuildModelController.kt:4
9)
	at org.gradle.internal.build.DefaultBuildLifecyc
leController.lambda$prepareToScheduleTasks$6(Defa
ultBuildLifecycleController.java:175)
	at org.gradle.internal.model.StateTransitionCont
roller.lambda$doTransition$14(StateTransitionCont
roller.java:255)
	at org.gradle.internal.model.StateTransitionCont
roller.doTransition(StateTransitionController.jav
a:266)
	at org.gradle.internal.model.StateTransitionCont
roller.doTransition(StateTransitionController.jav
a:254)
	at org.gradle.internal.model.StateTransitionCont
roller.lambda$maybeTransition$9(StateTransitionCo
ntroller.java:190)
	at org.gradle.internal.work.DefaultSynchronizer.
withLock(DefaultSynchronizer.java:36)
	at org.gradle.internal.model.StateTransitionCont
roller.maybeTransition(StateTransitionController.
java:186)
	at org.gradle.internal.build.DefaultBuildLifecyc
leController.prepareToScheduleTasks(DefaultBuildL
ifecycleController.java:173)
	at org.gradle.internal.buildtree.DefaultBuildTre
eWorkPreparer.scheduleRequestedTasks(DefaultBuild
TreeWorkPreparer.java:36)
	at org.gradle.internal.cc.impl.ConfigurationCach
eAwareBuildTreeWorkController$scheduleAndRunReque
stedTasks$executionResult$1$result$1.invoke(Confi
gurationCacheAwareBuildTreeWorkController.kt:48)
	at org.gradle.internal.cc.impl.ConfigurationCach
eAwareBuildTreeWorkController$scheduleAndRunReque
stedTasks$executionResult$1$result$1.invoke(Confi
gurationCacheAwareBuildTreeWorkController.kt:45)
	at org.gradle.internal.cc.impl.DefaultConfigurat
ionCache$loadOrScheduleRequestedTasks$1.invoke(De
faultConfigurationCache.kt:172)
	at org.gradle.internal.cc.impl.DefaultConfigurat
ionCache$loadOrScheduleRequestedTasks$1.invoke(De
faultConfigurationCache.kt:171)
	at org.gradle.internal.cc.impl.DefaultConfigurat
ionCache.runWorkThatContributesToCacheEntry(Defau
ltConfigurationCache.kt:392)
	at org.gradle.internal.cc.impl.DefaultConfigurat
ionCache.loadOrScheduleRequestedTasks(DefaultConf
igurationCache.kt:171)
	at org.gradle.internal.cc.impl.ConfigurationCach
eAwareBuildTreeWorkController$scheduleAndRunReque
stedTasks$executionResult$1.apply(ConfigurationCa
cheAwareBuildTreeWorkController.kt:45)
	at org.gradle.internal.cc.impl.ConfigurationCach
eAwareBuildTreeWorkController$scheduleAndRunReque
stedTasks$executionResult$1.apply(ConfigurationCa
cheAwareBuildTreeWorkController.kt:44)
	at org.gradle.composite.internal.DefaultIncluded
BuildTaskGraph.withNewWorkGraph(DefaultIncludedBu
ildTaskGraph.java:112)
	at org.gradle.internal.cc.impl.ConfigurationCach
eAwareBuildTreeWorkController.scheduleAndRunReque
stedTasks(ConfigurationCacheAwareBuildTreeWorkCon
troller.kt:44)
	at org.gradle.internal.buildtree.DefaultBuildTre
eLifecycleController.lambda$scheduleAndRunTasks$1
(DefaultBuildTreeLifecycleController.java:77)
	at org.gradle.internal.buildtree.DefaultBuildTre
eLifecycleController.lambda$runBuild$4(DefaultBui
ldTreeLifecycleController.java:120)
	at org.gradle.internal.model.StateTransitionCont
roller.lambda$transition$6(StateTransitionControl
ler.java:169)
	at org.gradle.internal.model.StateTransitionCont
roller.doTransition(StateTransitionController.jav
a:266)
	at org.gradle.internal.model.StateTransitionCont
roller.lambda$transition$7(StateTransitionControl
ler.java:169)
	at org.gradle.internal.work.DefaultSynchronizer.
withLock(DefaultSynchronizer.java:46)
	at org.gradle.internal.model.StateTransitionCont
roller.transition(StateTransitionController.java:
169)
	at org.gradle.internal.buildtree.DefaultBuildTre
eLifecycleController.runBuild(DefaultBuildTreeLif
ecycleController.java:117)
	at org.gradle.internal.buildtree.DefaultBuildTre
eLifecycleController.scheduleAndRunTasks(DefaultB
uildTreeLifecycleController.java:77)
	at org.gradle.internal.buildtree.DefaultBuildTre
eLifecycleController.scheduleAndRunTasks(DefaultB
uildTreeLifecycleController.java:72)
	at org.gradle.tooling.internal.provider.ExecuteB
uildActionRunner.run(ExecuteBuildActionRunner.jav
a:31)
	at org.gradle.launcher.exec.ChainingBuildActionR
unner.run(ChainingBuildActionRunner.java:35)
	at org.gradle.internal.buildtree.ProblemReportin
gBuildActionRunner.run(ProblemReportingBuildActio
nRunner.java:49)
	at org.gradle.launcher.exec.BuildOutcomeReportin
gBuildActionRunner.run(BuildOutcomeReportingBuild
ActionRunner.java:66)
	at org.gradle.tooling.internal.provider.FileSyst
emWatchingBuildActionRunner.run(FileSystemWatchin
gBuildActionRunner.java:140)
	at org.gradle.launcher.exec.BuildCompletionNotif
yingBuildActionRunner.run(BuildCompletionNotifyin
gBuildActionRunner.java:41)
	at org.gradle.launcher.exec.RootBuildLifecycleBu
ildActionExecutor.lambda$execute$0(RootBuildLifec
ycleBuildActionExecutor.java:54)
	at org.gradle.composite.internal.DefaultRootBuil
dState.run(DefaultRootBuildState.java:130)
	at org.gradle.launcher.exec.RootBuildLifecycleBu
ildActionExecutor.execute(RootBuildLifecycleBuild
ActionExecutor.java:54)
	at org.gradle.internal.buildtree.InitDeprecation
LoggingActionExecutor.execute(InitDeprecationLogg
ingActionExecutor.java:62)
	at org.gradle.internal.buildtree.InitProblems.ex
ecute(InitProblems.java:36)
	at org.gradle.internal.buildtree.DefaultBuildTre
eContext.execute(DefaultBuildTreeContext.java:40)
	at org.gradle.launcher.exec.BuildTreeLifecycleBu
ildActionExecutor.lambda$execute$0(BuildTreeLifec
ycleBuildActionExecutor.java:71)
	at org.gradle.internal.buildtree.BuildTreeState.
run(BuildTreeState.java:60)
	at org.gradle.launcher.exec.BuildTreeLifecycleBu
ildActionExecutor.execute(BuildTreeLifecycleBuild
ActionExecutor.java:71)
	at org.gradle.launcher.exec.RunAsBuildOperationB
uildActionExecutor$3.call(RunAsBuildOperationBuil
dActionExecutor.java:61)
	at org.gradle.launcher.exec.RunAsBuildOperationB
uildActionExecutor$3.call(RunAsBuildOperationBuil
dActionExecutor.java:57)
	at org.gradle.internal.operations.DefaultBuildOp
erationRunner$CallableBuildOperationWorker.execut
e(DefaultBuildOperationRunner.java:209)
	at org.gradle.internal.operations.DefaultBuildOp
erationRunner$CallableBuildOperationWorker.execut
e(DefaultBuildOperationRunner.java:204)
	at org.gradle.internal.operations.DefaultBuildOp
erationRunner$2.execute(DefaultBuildOperationRunn
er.java:66)
	at org.gradle.internal.operations.DefaultBuildOp
erationRunner$2.execute(DefaultBuildOperationRunn
er.java:59)
	at org.gradle.internal.operations.DefaultBuildOp
erationRunner.execute(DefaultBuildOperationRunner
.java:166)
	at org.gradle.internal.operations.DefaultBuildOp
erationRunner.execute(DefaultBuildOperationRunner
.java:59)
	at org.gradle.internal.operations.DefaultBuildOp
erationRunner.call(DefaultBuildOperationRunner.ja
va:53)
	at org.gradle.launcher.exec.RunAsBuildOperationB
uildActionExecutor.execute(RunAsBuildOperationBui
ldActionExecutor.java:57)
	at org.gradle.launcher.exec.RunAsWorkerThreadBui
ldActionExecutor.lambda$execute$0(RunAsWorkerThre
adBuildActionExecutor.java:36)
	at org.gradle.internal.work.DefaultWorkerLeaseSe
rvice.withLocks(DefaultWorkerLeaseService.java:26
3)
	at org.gradle.internal.work.DefaultWorkerLeaseSe
rvice.runAsWorkerThread(DefaultWorkerLeaseService
.java:127)
	at org.gradle.launcher.exec.RunAsWorkerThreadBui
ldActionExecutor.execute(RunAsWorkerThreadBuildAc
tionExecutor.java:36)
	at org.gradle.tooling.internal.provider.continuo
us.ContinuousBuildActionExecutor.execute(Continuo
usBuildActionExecutor.java:110)
	at org.gradle.tooling.internal.provider.Subscrib
ableBuildActionExecutor.execute(SubscribableBuild
ActionExecutor.java:64)
	at org.gradle.internal.session.DefaultBuildSessi
onContext.execute(DefaultBuildSessionContext.java
:46)
	at org.gradle.internal.buildprocess.execution.Bu
ildSessionLifecycleBuildActionExecutor$ActionImpl
.apply(BuildSessionLifecycleBuildActionExecutor.j
ava:92)
	at org.gradle.internal.buildprocess.execution.Bu
ildSessionLifecycleBuildActionExecutor$ActionImpl
.apply(BuildSessionLifecycleBuildActionExecutor.j
ava:80)
	at org.gradle.internal.session.BuildSessionState
.run(BuildSessionState.java:71)
	at org.gradle.internal.buildprocess.execution.Bu
ildSessionLifecycleBuildActionExecutor.execute(Bu
ildSessionLifecycleBuildActionExecutor.java:62)
	at org.gradle.internal.buildprocess.execution.Bu
ildSessionLifecycleBuildActionExecutor.execute(Bu
ildSessionLifecycleBuildActionExecutor.java:41)
	at org.gradle.internal.buildprocess.execution.St
artParamsValidatingActionExecutor.execute(StartPa
ramsValidatingActionExecutor.java:64)
	at org.gradle.internal.buildprocess.execution.St
artParamsValidatingActionExecutor.execute(StartPa
ramsValidatingActionExecutor.java:32)
	at org.gradle.internal.buildprocess.execution.Se
ssionFailureReportingActionExecutor.execute(Sessi
onFailureReportingActionExecutor.java:51)
	at org.gradle.internal.buildprocess.execution.Se
ssionFailureReportingActionExecutor.execute(Sessi
onFailureReportingActionExecutor.java:39)
	at org.gradle.internal.buildprocess.execution.Se
tupLoggingActionExecutor.execute(SetupLoggingActi
onExecutor.java:47)
	at org.gradle.internal.buildprocess.execution.Se
tupLoggingActionExecutor.execute(SetupLoggingActi
onExecutor.java:31)
	at org.gradle.launcher.daemon.server.exec.Execut
eBuild.doBuild(ExecuteBuild.java:70)
	at org.gradle.launcher.daemon.server.exec.BuildC
ommandOnly.execute(BuildCommandOnly.java:37)
	at org.gradle.launcher.daemon.server.api.DaemonC
ommandExecution.proceed(DaemonCommandExecution.ja
va:104)
	at org.gradle.launcher.daemon.server.exec.WatchF
orDisconnection.execute(WatchForDisconnection.jav
a:39)
	at org.gradle.launcher.daemon.server.api.DaemonC
ommandExecution.proceed(DaemonCommandExecution.ja
va:104)
	at org.gradle.launcher.daemon.server.exec.ResetD
eprecationLogger.execute(ResetDeprecationLogger.j
ava:29)
	at org.gradle.launcher.daemon.server.api.DaemonC
ommandExecution.proceed(DaemonCommandExecution.ja
va:104)
	at org.gradle.launcher.daemon.server.exec.Reques
tStopIfSingleUsedDaemon.execute(RequestStopIfSing
leUsedDaemon.java:35)
	at org.gradle.launcher.daemon.server.api.DaemonC
ommandExecution.proceed(DaemonCommandExecution.ja
va:104)
	at org.gradle.launcher.daemon.server.exec.Forwar
dClientInput.lambda$execute$0(ForwardClientInput.
java:40)
	at org.gradle.internal.daemon.clientinput.Client
InputForwarder.forwardInput(ClientInputForwarder.
java:80)
	at org.gradle.launcher.daemon.server.exec.Forwar
dClientInput.execute(ForwardClientInput.java:37)
	at org.gradle.launcher.daemon.server.api.DaemonC
ommandExecution.proceed(DaemonCommandExecution.ja
va:104)
	at org.gradle.launcher.daemon.server.exec.LogAnd
CheckHealth.execute(LogAndCheckHealth.java:64)
	at org.gradle.launcher.daemon.server.api.DaemonC
ommandExecution.proceed(DaemonCommandExecution.ja
va:104)
	at org.gradle.launcher.daemon.server.exec.LogToC
lient.doBuild(LogToClient.java:63)
	at org.gradle.launcher.daemon.server.exec.BuildC
ommandOnly.execute(BuildCommandOnly.java:37)
	at org.gradle.launcher.daemon.server.api.DaemonC
ommandExecution.proceed(DaemonCommandExecution.ja
va:104)
	at org.gradle.launcher.daemon.server.exec.Establ
ishBuildEnvironment.doBuild(EstablishBuildEnviron
ment.java:84)
	at org.gradle.launcher.daemon.server.exec.BuildC
ommandOnly.execute(BuildCommandOnly.java:37)
	at org.gradle.launcher.daemon.server.api.DaemonC
ommandExecution.proceed(DaemonCommandExecution.ja
va:104)
	at org.gradle.launcher.daemon.server.exec.StartB
uildOrRespondWithBusy$1.run(StartBuildOrRespondWi
thBusy.java:52)
	at org.gradle.launcher.daemon.server.DaemonState
Coordinator.lambda$runCommand$0(DaemonStateCoordi
nator.java:321)
	at org.gradle.internal.concurrent.ExecutorPolicy
$CatchAndRecordFailures.onExecute(ExecutorPolicy.
java:64)
	at org.gradle.internal.concurrent.AbstractManage
dExecutor$1.run(AbstractManagedExecutor.java:48)
Caused by: java.lang.RuntimeException: 
com.android.builder.errors.EvalIssueException: 
Starting in Kotlin 2.0, the Compose Compiler 
Gradle plugin is required
when compose is enabled. See the following link 
for more information:
https://d.android.com/r/studio-ui/compose-compile
r
	at com.android.builder.profile.ThreadRecorder.re
cord(ThreadRecorder.java:71)
	at com.android.builder.profile.ThreadRecorder.re
cord(ThreadRecorder.java:54)
	at com.android.build.gradle.internal.profile.Ana
lyticsResourceManager.recordBlockAtConfiguration(
AnalyticsResourceManager.kt:222)
	at com.android.build.gradle.internal.profile.Ana
lyticsConfiguratorService.recordBlock(AnalyticsCo
nfiguratorService.kt:111)
	at com.android.build.gradle.internal.plugins.Bas
ePlugin$createTasks$2.accept(BasePlugin.kt:605)
	at com.android.build.gradle.internal.plugins.Bas
ePlugin$createTasks$2.accept(BasePlugin.kt:602)
	at com.android.build.gradle.internal.crash.Crash
Reporting$afterEvaluate$1.execute(crash_reporting
.kt:37)
	at com.android.build.gradle.internal.crash.Crash
Reporting$afterEvaluate$1.execute(crash_reporting
.kt:35)
	at org.gradle.internal.code.DefaultUserCodeAppli
cationContext$CurrentApplication$1.execute(Defaul
tUserCodeApplicationContext.java:124)
	at org.gradle.configuration.internal.DefaultList
enerBuildOperationDecorator$BuildOperationEmittin
gAction$1.run(DefaultListenerBuildOperationDecora
tor.java:173)
	at org.gradle.internal.operations.DefaultBuildOp
erationRunner$1.execute(DefaultBuildOperationRunn
er.java:29)
	at org.gradle.internal.operations.DefaultBuildOp
erationRunner$1.execute(DefaultBuildOperationRunn
er.java:26)
	at org.gradle.internal.operations.DefaultBuildOp
erationRunner$2.execute(DefaultBuildOperationRunn
er.java:66)
	at org.gradle.internal.operations.DefaultBuildOp
erationRunner$2.execute(DefaultBuildOperationRunn
er.java:59)
	at org.gradle.internal.operations.DefaultBuildOp
erationRunner.execute(DefaultBuildOperationRunner
.java:166)
	at org.gradle.internal.operations.DefaultBuildOp
erationRunner.execute(DefaultBuildOperationRunner
.java:59)
	at org.gradle.internal.operations.DefaultBuildOp
erationRunner.run(DefaultBuildOperationRunner.jav
a:47)
	at org.gradle.configuration.internal.DefaultList
enerBuildOperationDecorator$BuildOperationEmittin
gAction.execute(DefaultListenerBuildOperationDeco
rator.java:170)
	at org.gradle.internal.event.BroadcastDispatch$A
ctionInvocationHandler.dispatch(BroadcastDispatch
.java:99)
	at org.gradle.internal.event.BroadcastDispatch$A
ctionInvocationHandler.dispatch(BroadcastDispatch
.java:87)
	at org.gradle.internal.event.AbstractBroadcastDi
spatch.dispatch(AbstractBroadcastDispatch.java:44
)
	at org.gradle.internal.event.BroadcastDispatch$S
ingletonDispatch.dispatch(BroadcastDispatch.java:
268)
	at org.gradle.internal.event.BroadcastDispatch$S
ingletonDispatch.dispatch(BroadcastDispatch.java:
170)
	at org.gradle.internal.event.AbstractBroadcastDi
spatch.dispatch(AbstractBroadcastDispatch.java:84
)
	at org.gradle.internal.event.AbstractBroadcastDi
spatch.dispatch(AbstractBroadcastDispatch.java:70
)
	at org.gradle.internal.event.BroadcastDispatch$C
ompositeDispatch.dispatch(BroadcastDispatch.java:
380)
	at org.gradle.internal.event.BroadcastDispatch$C
ompositeDispatch.dispatch(BroadcastDispatch.java:
272)
	at org.gradle.internal.event.ListenerBroadcast.d
ispatch(ListenerBroadcast.java:153)
	at org.gradle.internal.event.ListenerBroadcast.d
ispatch(ListenerBroadcast.java:38)
	at org.gradle.internal.dispatch.ProxyDispatchAda
pter$DispatchingInvocationHandler.invoke(ProxyDis
patchAdapter.java:92)
	at jdk.proxy1/jdk.proxy1.$Proxy71.afterEvaluate(
Unknown Source)
	at org.gradle.configuration.project.LifecyclePro
jectEvaluator$NotifyAfterEvaluate$1.execute(Lifec
ycleProjectEvaluator.java:247)
	at org.gradle.configuration.project.LifecyclePro
jectEvaluator$NotifyAfterEvaluate$1.execute(Lifec
ycleProjectEvaluator.java:244)
	at org.gradle.api.internal.project.DefaultProjec
t.stepEvaluationListener(DefaultProject.java:1595
)
	at org.gradle.configuration.project.LifecyclePro
jectEvaluator$NotifyAfterEvaluate.run(LifecyclePr
ojectEvaluator.java:253)
	at org.gradle.internal.operations.DefaultBuildOp
erationRunner$1.execute(DefaultBuildOperationRunn
er.java:29)
	at org.gradle.internal.operations.DefaultBuildOp
erationRunner$1.execute(DefaultBuildOperationRunn
er.java:26)
	at org.gradle.internal.operations.DefaultBuildOp
erationRunner$2.execute(DefaultBuildOperationRunn
er.java:66)
	at org.gradle.internal.operations.DefaultBuildOp
erationRunner$2.execute(DefaultBuildOperationRunn
er.java:59)
	at org.gradle.internal.operations.DefaultBuildOp
erationRunner.execute(DefaultBuildOperationRunner
.java:166)
	at org.gradle.internal.operations.DefaultBuildOp
erationRunner.execute(DefaultBuildOperationRunner
.java:59)
	at org.gradle.internal.operations.DefaultBuildOp
erationRunner.run(DefaultBuildOperationRunner.jav
a:47)
	at org.gradle.configuration.project.LifecyclePro
jectEvaluator$EvaluateProject.lambda$run$0(Lifecy
cleProjectEvaluator.java:114)
	at org.gradle.api.internal.project.DefaultProjec
tStateRegistry$ProjectStateImpl.lambda$applyToMut
ableState$1(DefaultProjectStateRegistry.java:411)
	at org.gradle.api.internal.project.DefaultProjec
tStateRegistry$ProjectStateImpl.lambda$fromMutabl
eState$2(DefaultProjectStateRegistry.java:434)
	at org.gradle.internal.work.DefaultWorkerLeaseSe
rvice.withReplacedLocks(DefaultWorkerLeaseService
.java:359)
	at org.gradle.api.internal.project.DefaultProjec
tStateRegistry$ProjectStateImpl.fromMutableState(
DefaultProjectStateRegistry.java:434)
	at org.gradle.api.internal.project.DefaultProjec
tStateRegistry$ProjectStateImpl.applyToMutableSta
te(DefaultProjectStateRegistry.java:410)
	at org.gradle.configuration.project.LifecyclePro
jectEvaluator$EvaluateProject.run(LifecycleProjec
tEvaluator.java:100)
	at org.gradle.internal.operations.DefaultBuildOp
erationRunner$1.execute(DefaultBuildOperationRunn
er.java:29)
	at org.gradle.internal.operations.DefaultBuildOp
erationRunner$1.execute(DefaultBuildOperationRunn
er.java:26)
	at org.gradle.internal.operations.DefaultBuildOp
erationRunner$2.execute(DefaultBuildOperationRunn
er.java:66)
	at org.gradle.internal.operations.DefaultBuildOp
erationRunner$2.execute(DefaultBuildOperationRunn
er.java:59)
	at org.gradle.internal.operations.DefaultBuildOp
erationRunner.execute(DefaultBuildOperationRunner
.java:166)
	at org.gradle.internal.operations.DefaultBuildOp
erationRunner.execute(DefaultBuildOperationRunner
.java:59)
	at org.gradle.internal.operations.DefaultBuildOp
erationRunner.run(DefaultBuildOperationRunner.jav
a:47)
	at org.gradle.configuration.project.LifecyclePro
jectEvaluator.evaluate(LifecycleProjectEvaluator.
java:72)
	at org.gradle.api.internal.project.DefaultProjec
t.evaluateUnchecked(DefaultProject.java:825)
	at org.gradle.api.internal.project.ProjectLifecy
cleController.lambda$ensureSelfConfigured$2(Proje
ctLifecycleController.java:85)
	at org.gradle.internal.model.StateTransitionCont
roller.lambda$doTransition$14(StateTransitionCont
roller.java:255)
	at org.gradle.internal.model.StateTransitionCont
roller.doTransition(StateTransitionController.jav
a:266)
	at org.gradle.internal.model.StateTransitionCont
roller.doTransition(StateTransitionController.jav
a:254)
	at org.gradle.internal.model.StateTransitionCont
roller.lambda$maybeTransitionIfNotCurrentlyTransi
tioning$10(StateTransitionController.java:199)
	at org.gradle.internal.work.DefaultSynchronizer.
withLock(DefaultSynchronizer.java:36)
	at org.gradle.internal.model.StateTransitionCont
roller.maybeTransitionIfNotCurrentlyTransitioning
(StateTransitionController.java:195)
	at org.gradle.api.internal.project.ProjectLifecy
cleController.ensureSelfConfigured(ProjectLifecyc
leController.java:85)
	at org.gradle.api.internal.project.DefaultProjec
tStateRegistry$ProjectStateImpl.ensureConfigured(
DefaultProjectStateRegistry.java:385)
	at org.gradle.execution.TaskPathProjectEvaluator
.configure(TaskPathProjectEvaluator.java:42)
	at org.gradle.execution.TaskPathProjectEvaluator
.configureHierarchy(TaskPathProjectEvaluator.java
:58)
	at org.gradle.configuration.DefaultProjectsPrepa
rer.prepareProjects(DefaultProjectsPreparer.java:
50)
	at org.gradle.configuration.BuildTreePreparingPr
ojectsPreparer.prepareProjects(BuildTreePreparing
ProjectsPreparer.java:65)
	at org.gradle.configuration.BuildOperationFiring
ProjectsPreparer$ConfigureBuild.run(BuildOperatio
nFiringProjectsPreparer.java:52)
	at org.gradle.internal.operations.DefaultBuildOp
erationRunner$1.execute(DefaultBuildOperationRunn
er.java:29)
	at org.gradle.internal.operations.DefaultBuildOp
erationRunner$1.execute(DefaultBuildOperationRunn
er.java:26)
	at org.gradle.internal.operations.DefaultBuildOp
erationRunner$2.execute(DefaultBuildOperationRunn
er.java:66)
	at org.gradle.internal.operations.DefaultBuildOp
erationRunner$2.execute(DefaultBuildOperationRunn
er.java:59)
	at org.gradle.internal.operations.DefaultBuildOp
erationRunner.execute(DefaultBuildOperationRunner
.java:166)
	at org.gradle.internal.operations.DefaultBuildOp
erationRunner.execute(DefaultBuildOperationRunner
.java:59)
	at org.gradle.internal.operations.DefaultBuildOp
erationRunner.run(DefaultBuildOperationRunner.jav
a:47)
	at org.gradle.configuration.BuildOperationFiring
ProjectsPreparer.prepareProjects(BuildOperationFi
ringProjectsPreparer.java:40)
	at org.gradle.initialization.VintageBuildModelCo
ntroller.lambda$prepareProjects$2(VintageBuildMod
elController.java:84)
	at org.gradle.internal.model.StateTransitionCont
roller.lambda$doTransition$14(StateTransitionCont
roller.java:255)
	at org.gradle.internal.model.StateTransitionCont
roller.doTransition(StateTransitionController.jav
a:266)
	at org.gradle.internal.model.StateTransitionCont
roller.doTransition(StateTransitionController.jav
a:254)
	at org.gradle.internal.model.StateTransitionCont
roller.lambda$transitionIfNotPreviously$11(StateT
ransitionController.java:213)
	at org.gradle.internal.work.DefaultSynchronizer.
withLock(DefaultSynchronizer.java:36)
	at org.gradle.internal.model.StateTransitionCont
roller.transitionIfNotPreviously(StateTransitionC
ontroller.java:209)
	at org.gradle.initialization.VintageBuildModelCo
ntroller.prepareProjects(VintageBuildModelControl
ler.java:84)
	at org.gradle.initialization.VintageBuildModelCo
ntroller.prepareToScheduleTasks(VintageBuildModel
Controller.java:71)
	at org.gradle.internal.cc.impl.ConfigurationCach
eAwareBuildModelController.prepareToScheduleTasks
(ConfigurationCacheAwareBuildModelController.kt:4
9)
	at org.gradle.internal.build.DefaultBuildLifecyc
leController.lambda$prepareToScheduleTasks$6(Defa
ultBuildLifecycleController.java:175)
	at org.gradle.internal.model.StateTransitionCont
roller.lambda$doTransition$14(StateTransitionCont
roller.java:255)
	at org.gradle.internal.model.StateTransitionCont
roller.doTransition(StateTransitionController.jav
a:266)
	at org.gradle.internal.model.StateTransitionCont
roller.doTransition(StateTransitionController.jav
a:254)
	at org.gradle.internal.model.StateTransitionCont
roller.lambda$maybeTransition$9(StateTransitionCo
ntroller.java:190)
	at org.gradle.internal.work.DefaultSynchronizer.
withLock(DefaultSynchronizer.java:36)
	at org.gradle.internal.model.StateTransitionCont
roller.maybeTransition(StateTransitionController.
java:186)
	at org.gradle.internal.build.DefaultBuildLifecyc
leController.prepareToScheduleTasks(DefaultBuildL
ifecycleController.java:173)
	at org.gradle.internal.buildtree.DefaultBuildTre
eWorkPreparer.scheduleRequestedTasks(DefaultBuild
TreeWorkPreparer.java:36)
	at org.gradle.internal.cc.impl.ConfigurationCach
eAwareBuildTreeWorkController$scheduleAndRunReque
stedTasks$executionResult$1$result$1.invoke(Confi
gurationCacheAwareBuildTreeWorkController.kt:48)
	at org.gradle.internal.cc.impl.ConfigurationCach
eAwareBuildTreeWorkController$scheduleAndRunReque
stedTasks$executionResult$1$result$1.invoke(Confi
gurationCacheAwareBuildTreeWorkController.kt:45)
	at org.gradle.internal.cc.impl.DefaultConfigurat
ionCache$loadOrScheduleRequestedTasks$1.invoke(De
faultConfigurationCache.kt:172)
	at org.gradle.internal.cc.impl.DefaultConfigurat
ionCache$loadOrScheduleRequestedTasks$1.invoke(De
faultConfigurationCache.kt:171)
	at org.gradle.internal.cc.impl.DefaultConfigurat
ionCache.runWorkThatContributesToCacheEntry(Defau
ltConfigurationCache.kt:392)
	at org.gradle.internal.cc.impl.DefaultConfigurat
ionCache.loadOrScheduleRequestedTasks(DefaultConf
igurationCache.kt:171)
	at org.gradle.internal.cc.impl.ConfigurationCach
eAwareBuildTreeWorkController$scheduleAndRunReque
stedTasks$executionResult$1.apply(ConfigurationCa
cheAwareBuildTreeWorkController.kt:45)
	at org.gradle.internal.cc.impl.ConfigurationCach
eAwareBuildTreeWorkController$scheduleAndRunReque
stedTasks$executionResult$1.apply(ConfigurationCa
cheAwareBuildTreeWorkController.kt:44)
	at org.gradle.composite.internal.DefaultIncluded
BuildTaskGraph.withNewWorkGraph(DefaultIncludedBu
ildTaskGraph.java:112)
	at org.gradle.internal.cc.impl.ConfigurationCach
eAwareBuildTreeWorkController.scheduleAndRunReque
stedTasks(ConfigurationCacheAwareBuildTreeWorkCon
troller.kt:44)
	at org.gradle.internal.buildtree.DefaultBuildTre
eLifecycleController.lambda$scheduleAndRunTasks$1
(DefaultBuildTreeLifecycleController.java:77)
	at org.gradle.internal.buildtree.DefaultBuildTre
eLifecycleController.lambda$runBuild$4(DefaultBui
ldTreeLifecycleController.java:120)
	at org.gradle.internal.model.StateTransitionCont
roller.lambda$transition$6(StateTransitionControl
ler.java:169)
	at org.gradle.internal.model.StateTransitionCont
roller.doTransition(StateTransitionController.jav
a:266)
	at org.gradle.internal.model.StateTransitionCont
roller.lambda$transition$7(StateTransitionControl
ler.java:169)
	at org.gradle.internal.work.DefaultSynchronizer.
withLock(DefaultSynchronizer.java:46)
	at org.gradle.internal.model.StateTransitionCont
roller.transition(StateTransitionController.java:
169)
	at org.gradle.internal.buildtree.DefaultBuildTre
eLifecycleController.runBuild(DefaultBuildTreeLif
ecycleController.java:117)
	at org.gradle.internal.buildtree.DefaultBuildTre
eLifecycleController.scheduleAndRunTasks(DefaultB
uildTreeLifecycleController.java:77)
	at org.gradle.internal.buildtree.DefaultBuildTre
eLifecycleController.scheduleAndRunTasks(DefaultB
uildTreeLifecycleController.java:72)
	at org.gradle.tooling.internal.provider.ExecuteB
uildActionRunner.run(ExecuteBuildActionRunner.jav
a:31)
	at org.gradle.launcher.exec.ChainingBuildActionR
unner.run(ChainingBuildActionRunner.java:35)
	at org.gradle.internal.buildtree.ProblemReportin
gBuildActionRunner.run(ProblemReportingBuildActio
nRunner.java:49)
	at org.gradle.launcher.exec.BuildOutcomeReportin
gBuildActionRunner.run(BuildOutcomeReportingBuild
ActionRunner.java:66)
	at org.gradle.tooling.internal.provider.FileSyst
emWatchingBuildActionRunner.run(FileSystemWatchin
gBuildActionRunner.java:140)
	at org.gradle.launcher.exec.BuildCompletionNotif
yingBuildActionRunner.run(BuildCompletionNotifyin
gBuildActionRunner.java:41)
	at org.gradle.launcher.exec.RootBuildLifecycleBu
ildActionExecutor.lambda$execute$0(RootBuildLifec
ycleBuildActionExecutor.java:54)
	at org.gradle.composite.internal.DefaultRootBuil
dState.run(DefaultRootBuildState.java:130)
	at org.gradle.launcher.exec.RootBuildLifecycleBu
ildActionExecutor.execute(RootBuildLifecycleBuild
ActionExecutor.java:54)
	at org.gradle.internal.buildtree.InitDeprecation
LoggingActionExecutor.execute(InitDeprecationLogg
ingActionExecutor.java:62)
	at org.gradle.internal.buildtree.InitProblems.ex
ecute(InitProblems.java:36)
	at org.gradle.internal.buildtree.DefaultBuildTre
eContext.execute(DefaultBuildTreeContext.java:40)
	at org.gradle.launcher.exec.BuildTreeLifecycleBu
ildActionExecutor.lambda$execute$0(BuildTreeLifec
ycleBuildActionExecutor.java:71)
	at org.gradle.internal.buildtree.BuildTreeState.
run(BuildTreeState.java:60)
	at org.gradle.launcher.exec.BuildTreeLifecycleBu
ildActionExecutor.execute(BuildTreeLifecycleBuild
ActionExecutor.java:71)
	at org.gradle.launcher.exec.RunAsBuildOperationB
uildActionExecutor$3.call(RunAsBuildOperationBuil
dActionExecutor.java:61)
	at org.gradle.launcher.exec.RunAsBuildOperationB
uildActionExecutor$3.call(RunAsBuildOperationBuil
dActionExecutor.java:57)
	at org.gradle.internal.operations.DefaultBuildOp
erationRunner$CallableBuildOperationWorker.execut
e(DefaultBuildOperationRunner.java:209)
	at org.gradle.internal.operations.DefaultBuildOp
erationRunner$CallableBuildOperationWorker.execut
e(DefaultBuildOperationRunner.java:204)
	at org.gradle.internal.operations.DefaultBuildOp
erationRunner$2.execute(DefaultBuildOperationRunn
er.java:66)
	at org.gradle.internal.operations.DefaultBuildOp
erationRunner$2.execute(DefaultBuildOperationRunn
er.java:59)
	at org.gradle.internal.operations.DefaultBuildOp
erationRunner.execute(DefaultBuildOperationRunner
.java:166)
	at org.gradle.internal.operations.DefaultBuildOp
erationRunner.execute(DefaultBuildOperationRunner
.java:59)
	at org.gradle.internal.operations.DefaultBuildOp
erationRunner.call(DefaultBuildOperationRunner.ja
va:53)
	at org.gradle.launcher.exec.RunAsBuildOperationB
uildActionExecutor.execute(RunAsBuildOperationBui
ldActionExecutor.java:57)
	at org.gradle.launcher.exec.RunAsWorkerThreadBui
ldActionExecutor.lambda$execute$0(RunAsWorkerThre
adBuildActionExecutor.java:36)
	at org.gradle.internal.work.DefaultWorkerLeaseSe
rvice.withLocks(DefaultWorkerLeaseService.java:26
3)
	at org.gradle.internal.work.DefaultWorkerLeaseSe
rvice.runAsWorkerThread(DefaultWorkerLeaseService
.java:127)
	at org.gradle.launcher.exec.RunAsWorkerThreadBui
ldActionExecutor.execute(RunAsWorkerThreadBuildAc
tionExecutor.java:36)
	at org.gradle.tooling.internal.provider.continuo
us.ContinuousBuildActionExecutor.execute(Continuo
usBuildActionExecutor.java:110)
	at org.gradle.tooling.internal.provider.Subscrib
ableBuildActionExecutor.execute(SubscribableBuild
ActionExecutor.java:64)
	at org.gradle.internal.session.DefaultBuildSessi
onContext.execute(DefaultBuildSessionContext.java
:46)
	at org.gradle.internal.buildprocess.execution.Bu
ildSessionLifecycleBuildActionExecutor$ActionImpl
.apply(BuildSessionLifecycleBuildActionExecutor.j
ava:92)
	at org.gradle.internal.buildprocess.execution.Bu
ildSessionLifecycleBuildActionExecutor$ActionImpl
.apply(BuildSessionLifecycleBuildActionExecutor.j
ava:80)
	at org.gradle.internal.session.BuildSessionState
.run(BuildSessionState.java:71)
	at org.gradle.internal.buildprocess.execution.Bu
ildSessionLifecycleBuildActionExecutor.execute(Bu
ildSessionLifecycleBuildActionExecutor.java:62)
	at org.gradle.internal.buildprocess.execution.Bu
ildSessionLifecycleBuildActionExecutor.execute(Bu
ildSessionLifecycleBuildActionExecutor.java:41)
	at org.gradle.internal.buildprocess.execution.St
artParamsValidatingActionExecutor.execute(StartPa
ramsValidatingActionExecutor.java:64)
	at org.gradle.internal.buildprocess.execution.St
artParamsValidatingActionExecutor.execute(StartPa
ramsValidatingActionExecutor.java:32)
	at org.gradle.internal.buildprocess.execution.Se
ssionFailureReportingActionExecutor.execute(Sessi
onFailureReportingActionExecutor.java:51)
	at org.gradle.internal.buildprocess.execution.Se
ssionFailureReportingActionExecutor.execute(Sessi
onFailureReportingActionExecutor.java:39)
	at org.gradle.internal.buildprocess.execution.Se
tupLoggingActionExecutor.execute(SetupLoggingActi
onExecutor.java:47)
	at org.gradle.internal.buildprocess.execution.Se
tupLoggingActionExecutor.execute(SetupLoggingActi
onExecutor.java:31)
	at org.gradle.launcher.daemon.server.exec.Execut
eBuild.doBuild(ExecuteBuild.java:70)
	at org.gradle.launcher.daemon.server.exec.BuildC
ommandOnly.execute(BuildCommandOnly.java:37)
	at org.gradle.launcher.daemon.server.api.DaemonC
ommandExecution.proceed(DaemonCommandExecution.ja
va:104)
	at org.gradle.launcher.daemon.server.exec.WatchF
orDisconnection.execute(WatchForDisconnection.jav
a:39)
	at org.gradle.launcher.daemon.server.api.DaemonC
ommandExecution.proceed(DaemonCommandExecution.ja
va:104)
	at org.gradle.launcher.daemon.server.exec.ResetD
eprecationLogger.execute(ResetDeprecationLogger.j
ava:29)
	at org.gradle.launcher.daemon.server.api.DaemonC
ommandExecution.proceed(DaemonCommandExecution.ja
va:104)
	at org.gradle.launcher.daemon.server.exec.Reques
tStopIfSingleUsedDaemon.execute(RequestStopIfSing
leUsedDaemon.java:35)
	at org.gradle.launcher.daemon.server.api.DaemonC
ommandExecution.proceed(DaemonCommandExecution.ja
va:104)
	at org.gradle.launcher.daemon.server.exec.Forwar
dClientInput.lambda$execute$0(ForwardClientInput.
java:40)
	at org.gradle.internal.daemon.clientinput.Client
InputForwarder.forwardInput(ClientInputForwarder.
java:80)
	at org.gradle.launcher.daemon.server.exec.Forwar
dClientInput.execute(ForwardClientInput.java:37)
	at org.gradle.launcher.daemon.server.api.DaemonC
ommandExecution.proceed(DaemonCommandExecution.ja
va:104)
	at org.gradle.launcher.daemon.server.exec.LogAnd
CheckHealth.execute(LogAndCheckHealth.java:64)
	at org.gradle.launcher.daemon.server.api.DaemonC
ommandExecution.proceed(DaemonCommandExecution.ja
va:104)
	at org.gradle.launcher.daemon.server.exec.LogToC
lient.doBuild(LogToClient.java:63)
	at org.gradle.launcher.daemon.server.exec.BuildC
ommandOnly.execute(BuildCommandOnly.java:37)
	at org.gradle.launcher.daemon.server.api.DaemonC
ommandExecution.proceed(DaemonCommandExecution.ja
va:104)
	at org.gradle.launcher.daemon.server.exec.Establ
ishBuildEnvironment.doBuild(EstablishBuildEnviron
ment.java:84)
	at org.gradle.launcher.daemon.server.exec.BuildC
ommandOnly.execute(BuildCommandOnly.java:37)
	at org.gradle.launcher.daemon.server.api.DaemonC
ommandExecution.proceed(DaemonCommandExecution.ja
va:104)
	at org.gradle.launcher.daemon.server.exec.StartB
uildOrRespondWithBusy$1.run(StartBuildOrRespondWi
thBusy.java:52)
	at org.gradle.launcher.daemon.server.DaemonState
Coordinator.lambda$runCommand$0(DaemonStateCoordi
nator.java:321)
	at org.gradle.internal.concurrent.ExecutorPolicy
$CatchAndRecordFailures.onExecute(ExecutorPolicy.
java:64)
	at org.gradle.internal.concurrent.AbstractManage
dExecutor$1.run(AbstractManagedExecutor.java:48)
Caused by: 
com.android.builder.errors.EvalIssueException: 
Starting in Kotlin 2.0, the Compose Compiler 
Gradle plugin is required
when compose is enabled. See the following link 
for more information:
https://d.android.com/r/studio-ui/compose-compile
r
	at com.android.builder.errors.IssueReporter.repo
rtError(IssueReporter.kt:118)
	at com.android.builder.errors.IssueReporter.repo
rtError$default(IssueReporter.kt:113)
	at com.android.build.gradle.internal.VariantTask
Manager.configureKotlinPluginTasksIfNecessary(Var
iantTaskManager.kt:371)
	at com.android.build.gradle.internal.VariantTask
Manager.createPostApiTasks(VariantTaskManager.kt:
151)
	at com.android.build.gradle.internal.plugins.Bas
ePlugin.createAndroidTasks(BasePlugin.kt:829)
	at com.android.build.gradle.internal.plugins.Bas
ePlugin$createTasks$2$1.call(BasePlugin.kt:610)
	at com.android.builder.profile.ThreadRecorder.re
cord(ThreadRecorder.java:69)
	... 186 more


BUILD FAILED in 1s
Configuration cache entry stored.
