Reusing configuration cache.
> Task :app:checkKotlinGradlePluginConfigurationErrors SKIPPED
> Task :app:preBuild UP-TO-DATE
> Task :app:preDebugBuild UP-TO-DATE
> Task :app:mergeDebugNativeDebugMetadata NO-SOURCE
> Task :app:generateDebugResValues UP-TO-DATE
> Task :app:dataBindingTriggerDebug UP-TO-DATE
> Task :app:desugarDebugFileDependencies UP-TO-DATE
> Task :app:createDebugCompatibleScreenManifests UP-TO-DATE
> Task :app:writeDebugAppMetadata UP-TO-DATE
> Task :app:validateSigningDebug UP-TO-DATE
> Task :app:javaPreCompileDebug UP-TO-DATE
> Task :app:processDebugGoogleServices UP-TO-DATE
> Task :app:writeDebugSigningConfigVersions UP-TO-DATE
> Task :app:generateDebugResources UP-TO-DATE
> Task :app:mergeDebugJniLibFolders UP-TO-DATE
> Task :app:mergeDebugShaders UP-TO-DATE
> Task :app:extractDeepLinksDebug UP-TO-DATE
> Task :app:packageDebugResources UP-TO-DATE
> Task :app:compileDebugShaders NO-SOURCE
> Task :app:generateDebugAssets UP-TO-DATE
> Task :app:parseDebugLocalResources UP-TO-DATE
> Task :app:mapDebugSourceSetPaths UP-TO-DATE
> Task :app:mergeDebugResources UP-TO-DATE
> Task :app:checkDebugAarMetadata UP-TO-DATE
> Task :app:mergeDebugAssets UP-TO-DATE
> Task :app:dataBindingMergeDependencyArtifactsDebug UP-TO-DATE
> Task :app:compressDebugAssets UP-TO-DATE
> Task :app:mergeDebugNativeLibs NO-SOURCE
> Task :app:checkDebugDuplicateClasses UP-TO-DATE
> Task :app:stripDebugDebugSymbols NO-SOURCE
> Task :app:mergeLibDexDebug UP-TO-DATE
> Task :app:processDebugMainManifest UP-TO-DATE
> Task :app:processDebugManifest UP-TO-DATE
> Task :app:processDebugManifestForPackage UP-TO-DATE
> Task :app:dataBindingGenBaseClassesDebug UP-TO-DATE
> Task :app:mergeExtDexDebug UP-TO-DATE
> Task :app:processDebugResources UP-TO-DATE

> Task :app:compileDebugKotlin FAILED
./gradlew : e: file:///G:/AndroidStudioProjects/a
pp/src/main/java/com/example/studybuddy/PomodoroF
ragment.kt:143:17 Unresolved reference 'auth'.
At line:1 char:1
+ ./gradlew assembleDebug --stacktrace > 
build_output.log 2>&1
+ ~~~~~~~~~~~~~~~~~~~~~~~~~~~~~~~~~~~~~~~~~~~~~~~
~~~~~~~~~~~~~
    + CategoryInfo          : NotSpecified: (e:  
   file:///G:/A...ference 'auth'.:String) [], R  
  emoteException
    + FullyQualifiedErrorId : NativeCommandError
 
e: file:///G:/AndroidStudioProjects/app/src/main/
java/com/example/studybuddy/PomodoroFragment.kt:1
43:40 Cannot infer type for this parameter. 
Please specify it explicitly.
e: file:///G:/AndroidStudioProjects/app/src/main/
java/com/example/studybuddy/PomodoroFragment.kt:1
43:46 Cannot infer type for this parameter. 
Please specify it explicitly.

FAILURE: Build failed with an exception.

* What went wrong:
Execution failed for task 
':app:compileDebugKotlin'.
> A failure occurred while executing org.jetbrain
s.kotlin.compilerRunner.GradleCompilerRunnerWithW
orkers$GradleKotlinCompilerWorkAction
   > Compilation error. See log for more details

* Try:
> Run with --info or --debug option to get more 
log output.
> Run with --scan to get full insights.
> Get more help at https://help.gradle.org.

* Exception is:
org.gradle.api.tasks.TaskExecutionException: 
Execution failed for task 
':app:compileDebugKotlin'.
	at org.gradle.api.internal.tasks.execution.Execu
teActionsTaskExecuter.lambda$executeIfValid$1(Exe
cuteActionsTaskExecuter.java:130)
	at org.gradle.internal.Try$Failure.ifSuccessfulO
rElse(Try.java:293)
	at org.gradle.api.internal.tasks.execution.Execu
teActionsTaskExecuter.executeIfValid(ExecuteActio
nsTaskExecuter.java:128)
	at org.gradle.api.internal.tasks.execution.Execu
teActionsTaskExecuter.execute(ExecuteActionsTaskE
xecuter.java:116)
	at org.gradle.api.internal.tasks.execution.Final
izePropertiesTaskExecuter.execute(FinalizePropert
iesTaskExecuter.java:46)
	at org.gradle.api.internal.tasks.execution.Resol
veTaskExecutionModeExecuter.execute(ResolveTaskEx
ecutionModeExecuter.java:51)
	at org.gradle.api.internal.tasks.execution.SkipT
askWithNoActionsExecuter.execute(SkipTaskWithNoAc
tionsExecuter.java:57)
	at org.gradle.api.internal.tasks.execution.SkipO
nlyIfTaskExecuter.execute(SkipOnlyIfTaskExecuter.
java:74)
	at org.gradle.api.internal.tasks.execution.Catch
ExceptionTaskExecuter.execute(CatchExceptionTaskE
xecuter.java:36)
	at org.gradle.api.internal.tasks.execution.Event
FiringTaskExecuter$1.executeTask(EventFiringTaskE
xecuter.java:77)
	at org.gradle.api.internal.tasks.execution.Event
FiringTaskExecuter$1.call(EventFiringTaskExecuter
.java:55)
	at org.gradle.api.internal.tasks.execution.Event
FiringTaskExecuter$1.call(EventFiringTaskExecuter
.java:52)
	at org.gradle.internal.operations.DefaultBuildOp
erationRunner$CallableBuildOperationWorker.execut
e(DefaultBuildOperationRunner.java:209)
	at org.gradle.internal.operations.DefaultBuildOp
erationRunner$CallableBuildOperationWorker.execut
e(DefaultBuildOperationRunner.java:204)
	at org.gradle.internal.operations.DefaultBuildOp
erationRunner$2.execute(DefaultBuildOperationRunn
er.java:66)
	at org.gradle.internal.operations.DefaultBuildOp
erationRunner$2.execute(DefaultBuildOperationRunn
er.java:59)
	at org.gradle.internal.operations.DefaultBuildOp
erationRunner.execute(DefaultBuildOperationRunner
.java:166)
	at org.gradle.internal.operations.DefaultBuildOp
erationRunner.execute(DefaultBuildOperationRunner
.java:59)
	at org.gradle.internal.operations.DefaultBuildOp
erationRunner.call(DefaultBuildOperationRunner.ja
va:53)
	at org.gradle.api.internal.tasks.execution.Event
FiringTaskExecuter.execute(EventFiringTaskExecute
r.java:52)
	at org.gradle.execution.plan.LocalTaskNodeExecut
or.execute(LocalTaskNodeExecutor.java:42)
	at org.gradle.execution.taskgraph.DefaultTaskExe
cutionGraph$InvokeNodeExecutorsAction.execute(Def
aultTaskExecutionGraph.java:331)
	at org.gradle.execution.taskgraph.DefaultTaskExe
cutionGraph$InvokeNodeExecutorsAction.execute(Def
aultTaskExecutionGraph.java:318)
	at org.gradle.execution.taskgraph.DefaultTaskExe
cutionGraph$BuildOperationAwareExecutionAction.la
mbda$execute$0(DefaultTaskExecutionGraph.java:314
)
	at org.gradle.internal.operations.CurrentBuildOp
erationRef.with(CurrentBuildOperationRef.java:85)
	at org.gradle.execution.taskgraph.DefaultTaskExe
cutionGraph$BuildOperationAwareExecutionAction.ex
ecute(DefaultTaskExecutionGraph.java:314)
	at org.gradle.execution.taskgraph.DefaultTaskExe
cutionGraph$BuildOperationAwareExecutionAction.ex
ecute(DefaultTaskExecutionGraph.java:303)
	at org.gradle.execution.plan.DefaultPlanExecutor
$ExecutorWorker.execute(DefaultPlanExecutor.java:
459)
	at org.gradle.execution.plan.DefaultPlanExecutor
$ExecutorWorker.run(DefaultPlanExecutor.java:376)
	at org.gradle.internal.concurrent.ExecutorPolicy
$CatchAndRecordFailures.onExecute(ExecutorPolicy.
java:64)
	at org.gradle.internal.concurrent.AbstractManage
dExecutor$1.run(AbstractManagedExecutor.java:48)
Caused by: org.gradle.workers.internal.DefaultWor
kerExecutor$WorkExecutionException: A failure 
occurred while executing org.jetbrains.kotlin.com
pilerRunner.GradleCompilerRunnerWithWorkers$Gradl
eKotlinCompilerWorkAction
	at org.gradle.workers.internal.DefaultWorkerExec
utor$WorkItemExecution.waitForCompletion(DefaultW
orkerExecutor.java:287)
	at org.gradle.internal.work.DefaultAsyncWorkTrac
ker.lambda$waitForItemsAndGatherFailures$2(Defaul
tAsyncWorkTracker.java:130)
	at org.gradle.internal.Factories$1.create(Factor
ies.java:31)
	at org.gradle.internal.work.DefaultWorkerLeaseSe
rvice.withoutLocks(DefaultWorkerLeaseService.java
:335)
	at org.gradle.internal.work.DefaultWorkerLeaseSe
rvice.withoutLocks(DefaultWorkerLeaseService.java
:318)
	at org.gradle.internal.work.DefaultWorkerLeaseSe
rvice.withoutLock(DefaultWorkerLeaseService.java:
323)
	at org.gradle.internal.work.DefaultAsyncWorkTrac
ker.waitForItemsAndGatherFailures(DefaultAsyncWor
kTracker.java:126)
	at org.gradle.internal.work.DefaultAsyncWorkTrac
ker.waitForItemsAndGatherFailures(DefaultAsyncWor
kTracker.java:92)
	at org.gradle.internal.work.DefaultAsyncWorkTrac
ker.waitForAll(DefaultAsyncWorkTracker.java:78)
	at org.gradle.internal.work.DefaultAsyncWorkTrac
ker.waitForCompletion(DefaultAsyncWorkTracker.jav
a:66)
	at org.gradle.api.internal.tasks.execution.TaskE
xecution$3.run(TaskExecution.java:252)
	at org.gradle.internal.operations.DefaultBuildOp
erationRunner$1.execute(DefaultBuildOperationRunn
er.java:29)
	at org.gradle.internal.operations.DefaultBuildOp
erationRunner$1.execute(DefaultBuildOperationRunn
er.java:26)
	at org.gradle.internal.operations.DefaultBuildOp
erationRunner$2.execute(DefaultBuildOperationRunn
er.java:66)
	at org.gradle.internal.operations.DefaultBuildOp
erationRunner$2.execute(DefaultBuildOperationRunn
er.java:59)
	at org.gradle.internal.operations.DefaultBuildOp
erationRunner.execute(DefaultBuildOperationRunner
.java:166)
	at org.gradle.internal.operations.DefaultBuildOp
erationRunner.execute(DefaultBuildOperationRunner
.java:59)
	at org.gradle.internal.operations.DefaultBuildOp
erationRunner.run(DefaultBuildOperationRunner.jav
a:47)
	at org.gradle.api.internal.tasks.execution.TaskE
xecution.executeAction(TaskExecution.java:229)
	at org.gradle.api.internal.tasks.execution.TaskE
xecution.executeActions(TaskExecution.java:212)
	at org.gradle.api.internal.tasks.execution.TaskE
xecution.executeWithPreviousOutputFiles(TaskExecu
tion.java:195)
	at org.gradle.api.internal.tasks.execution.TaskE
xecution.execute(TaskExecution.java:162)
	at org.gradle.internal.execution.steps.ExecuteSt
ep.executeInternal(ExecuteStep.java:105)
	at org.gradle.internal.execution.steps.ExecuteSt
ep.access$000(ExecuteStep.java:44)
	at org.gradle.internal.execution.steps.ExecuteSt
ep$1.call(ExecuteStep.java:59)
	at org.gradle.internal.execution.steps.ExecuteSt
ep$1.call(ExecuteStep.java:56)
	at org.gradle.internal.operations.DefaultBuildOp
erationRunner$CallableBuildOperationWorker.execut
e(DefaultBuildOperationRunner.java:209)
	at org.gradle.internal.operations.DefaultBuildOp
erationRunner$CallableBuildOperationWorker.execut
e(DefaultBuildOperationRunner.java:204)
	at org.gradle.internal.operations.DefaultBuildOp
erationRunner$2.execute(DefaultBuildOperationRunn
er.java:66)
	at org.gradle.internal.operations.DefaultBuildOp
erationRunner$2.execute(DefaultBuildOperationRunn
er.java:59)
	at org.gradle.internal.operations.DefaultBuildOp
erationRunner.execute(DefaultBuildOperationRunner
.java:166)
	at org.gradle.internal.operations.DefaultBuildOp
erationRunner.execute(DefaultBuildOperationRunner
.java:59)
	at org.gradle.internal.operations.DefaultBuildOp
erationRunner.call(DefaultBuildOperationRunner.ja
va:53)
	at org.gradle.internal.execution.steps.ExecuteSt
ep.execute(ExecuteStep.java:56)
	at org.gradle.internal.execution.steps.ExecuteSt
ep.execute(ExecuteStep.java:44)
	at org.gradle.internal.execution.steps.CancelExe
cutionStep.execute(CancelExecutionStep.java:42)
	at org.gradle.internal.execution.steps.TimeoutSt
ep.executeWithoutTimeout(TimeoutStep.java:75)
	at org.gradle.internal.execution.steps.TimeoutSt
ep.execute(TimeoutStep.java:55)
	at org.gradle.internal.execution.steps.PreCreate
OutputParentsStep.execute(PreCreateOutputParentsS
tep.java:50)
	at org.gradle.internal.execution.steps.PreCreate
OutputParentsStep.execute(PreCreateOutputParentsS
tep.java:28)
	at org.gradle.internal.execution.steps.RemovePre
viousOutputsStep.execute(RemovePreviousOutputsSte
p.java:67)
	at org.gradle.internal.execution.steps.RemovePre
viousOutputsStep.execute(RemovePreviousOutputsSte
p.java:37)
	at org.gradle.internal.execution.steps.Broadcast
ChangingOutputsStep.execute(BroadcastChangingOutp
utsStep.java:61)
	at org.gradle.internal.execution.steps.Broadcast
ChangingOutputsStep.execute(BroadcastChangingOutp
utsStep.java:26)
	at org.gradle.internal.execution.steps.CaptureOu
tputsAfterExecutionStep.execute(CaptureOutputsAft
erExecutionStep.java:69)
	at org.gradle.internal.execution.steps.CaptureOu
tputsAfterExecutionStep.execute(CaptureOutputsAft
erExecutionStep.java:46)
	at org.gradle.internal.execution.steps.ResolveIn
putChangesStep.execute(ResolveInputChangesStep.ja
va:40)
	at org.gradle.internal.execution.steps.ResolveIn
putChangesStep.execute(ResolveInputChangesStep.ja
va:29)
	at org.gradle.internal.execution.steps.BuildCach
eStep.executeWithoutCache(BuildCacheStep.java:189
)
	at org.gradle.internal.execution.steps.BuildCach
eStep.lambda$execute$1(BuildCacheStep.java:75)
	at org.gradle.internal.Either$Right.fold(Either.
java:175)
	at org.gradle.internal.execution.caching.Caching
State.fold(CachingState.java:62)
	at org.gradle.internal.execution.steps.BuildCach
eStep.execute(BuildCacheStep.java:73)
	at org.gradle.internal.execution.steps.BuildCach
eStep.execute(BuildCacheStep.java:48)
	at org.gradle.internal.execution.steps.StoreExec
utionStateStep.execute(StoreExecutionStateStep.ja
va:46)
	at org.gradle.internal.execution.steps.StoreExec
utionStateStep.execute(StoreExecutionStateStep.ja
va:35)
	at org.gradle.internal.execution.steps.SkipUpToD
ateStep.executeBecause(SkipUpToDateStep.java:75)
	at org.gradle.internal.execution.steps.SkipUpToD
ateStep.lambda$execute$2(SkipUpToDateStep.java:53
)
	at org.gradle.internal.execution.steps.SkipUpToD
ateStep.execute(SkipUpToDateStep.java:53)
	at org.gradle.internal.execution.steps.SkipUpToD
ateStep.execute(SkipUpToDateStep.java:35)
	at org.gradle.internal.execution.steps.legacy.Ma
rkSnapshottingInputsFinishedStep.execute(MarkSnap
shottingInputsFinishedStep.java:37)
	at org.gradle.internal.execution.steps.legacy.Ma
rkSnapshottingInputsFinishedStep.execute(MarkSnap
shottingInputsFinishedStep.java:27)
	at org.gradle.internal.execution.steps.ResolveIn
crementalCachingStateStep.executeDelegate(Resolve
IncrementalCachingStateStep.java:49)
	at org.gradle.internal.execution.steps.ResolveIn
crementalCachingStateStep.executeDelegate(Resolve
IncrementalCachingStateStep.java:27)
	at org.gradle.internal.execution.steps.AbstractR
esolveCachingStateStep.execute(AbstractResolveCac
hingStateStep.java:71)
	at org.gradle.internal.execution.steps.AbstractR
esolveCachingStateStep.execute(AbstractResolveCac
hingStateStep.java:39)
	at org.gradle.internal.execution.steps.ResolveCh
angesStep.execute(ResolveChangesStep.java:65)
	at org.gradle.internal.execution.steps.ResolveCh
angesStep.execute(ResolveChangesStep.java:36)
	at org.gradle.internal.execution.steps.ValidateS
tep.execute(ValidateStep.java:107)
	at org.gradle.internal.execution.steps.ValidateS
tep.execute(ValidateStep.java:56)
	at org.gradle.internal.execution.steps.AbstractC
aptureStateBeforeExecutionStep.execute(AbstractCa
ptureStateBeforeExecutionStep.java:64)
	at org.gradle.internal.execution.steps.AbstractC
aptureStateBeforeExecutionStep.execute(AbstractCa
ptureStateBeforeExecutionStep.java:43)
	at org.gradle.internal.execution.steps.AbstractS
kipEmptyWorkStep.executeWithNonEmptySources(Abstr
actSkipEmptyWorkStep.java:125)
	at org.gradle.internal.execution.steps.AbstractS
kipEmptyWorkStep.execute(AbstractSkipEmptyWorkSte
p.java:61)
	at org.gradle.internal.execution.steps.AbstractS
kipEmptyWorkStep.execute(AbstractSkipEmptyWorkSte
p.java:36)
	at org.gradle.internal.execution.steps.legacy.Ma
rkSnapshottingInputsStartedStep.execute(MarkSnaps
hottingInputsStartedStep.java:38)
	at org.gradle.internal.execution.steps.LoadPrevi
ousExecutionStateStep.execute(LoadPreviousExecuti
onStateStep.java:36)
	at org.gradle.internal.execution.steps.LoadPrevi
ousExecutionStateStep.execute(LoadPreviousExecuti
onStateStep.java:23)
	at org.gradle.internal.execution.steps.HandleSta
leOutputsStep.execute(HandleStaleOutputsStep.java
:75)
	at org.gradle.internal.execution.steps.HandleSta
leOutputsStep.execute(HandleStaleOutputsStep.java
:41)
	at org.gradle.internal.execution.steps.AssignMut
ableWorkspaceStep.lambda$execute$0(AssignMutableW
orkspaceStep.java:35)
	at org.gradle.api.internal.tasks.execution.TaskE
xecution$4.withWorkspace(TaskExecution.java:289)
	at org.gradle.internal.execution.steps.AssignMut
ableWorkspaceStep.execute(AssignMutableWorkspaceS
tep.java:31)
	at org.gradle.internal.execution.steps.AssignMut
ableWorkspaceStep.execute(AssignMutableWorkspaceS
tep.java:22)
	at org.gradle.internal.execution.steps.ChoosePip
elineStep.execute(ChoosePipelineStep.java:40)
	at org.gradle.internal.execution.steps.ChoosePip
elineStep.execute(ChoosePipelineStep.java:23)
	at org.gradle.internal.execution.steps.ExecuteWo
rkBuildOperationFiringStep.lambda$execute$2(Execu
teWorkBuildOperationFiringStep.java:67)
	at org.gradle.internal.execution.steps.ExecuteWo
rkBuildOperationFiringStep.execute(ExecuteWorkBui
ldOperationFiringStep.java:67)
	at org.gradle.internal.execution.steps.ExecuteWo
rkBuildOperationFiringStep.execute(ExecuteWorkBui
ldOperationFiringStep.java:39)
	at org.gradle.internal.execution.steps.IdentityC
acheStep.execute(IdentityCacheStep.java:46)
	at org.gradle.internal.execution.steps.IdentityC
acheStep.execute(IdentityCacheStep.java:34)
	at org.gradle.internal.execution.steps.IdentifyS
tep.execute(IdentifyStep.java:48)
	at org.gradle.internal.execution.steps.IdentifyS
tep.execute(IdentifyStep.java:35)
	at org.gradle.internal.execution.impl.DefaultExe
cutionEngine$1.execute(DefaultExecutionEngine.jav
a:61)
	at org.gradle.api.internal.tasks.execution.Execu
teActionsTaskExecuter.executeIfValid(ExecuteActio
nsTaskExecuter.java:127)
	at org.gradle.api.internal.tasks.execution.Execu
teActionsTaskExecuter.execute(ExecuteActionsTaskE
xecuter.java:116)
	at org.gradle.api.internal.tasks.execution.Final
izePropertiesTaskExecuter.execute(FinalizePropert
iesTaskExecuter.java:46)
	at org.gradle.api.internal.tasks.execution.Resol
veTaskExecutionModeExecuter.execute(ResolveTaskEx
ecutionModeExecuter.java:51)
	at org.gradle.api.internal.tasks.execution.SkipT
askWithNoActionsExecuter.execute(SkipTaskWithNoAc
tionsExecuter.java:57)
	at org.gradle.api.internal.tasks.execution.SkipO
nlyIfTaskExecuter.execute(SkipOnlyIfTaskExecuter.
java:74)
	at org.gradle.api.internal.tasks.execution.Catch
ExceptionTaskExecuter.execute(CatchExceptionTaskE
xecuter.java:36)
	at org.gradle.api.internal.tasks.execution.Event
FiringTaskExecuter$1.executeTask(EventFiringTaskE
xecuter.java:77)
	at org.gradle.api.internal.tasks.execution.Event
FiringTaskExecuter$1.call(EventFiringTaskExecuter
.java:55)
	at org.gradle.api.internal.tasks.execution.Event
FiringTaskExecuter$1.call(EventFiringTaskExecuter
.java:52)
	at org.gradle.internal.operations.DefaultBuildOp
erationRunner$CallableBuildOperationWorker.execut
e(DefaultBuildOperationRunner.java:209)
	at org.gradle.internal.operations.DefaultBuildOp
erationRunner$CallableBuildOperationWorker.execut
e(DefaultBuildOperationRunner.java:204)
	at org.gradle.internal.operations.DefaultBuildOp
erationRunner$2.execute(DefaultBuildOperationRunn
er.java:66)
	at org.gradle.internal.operations.DefaultBuildOp
erationRunner$2.execute(DefaultBuildOperationRunn
er.java:59)
	at org.gradle.internal.operations.DefaultBuildOp
erationRunner.execute(DefaultBuildOperationRunner
.java:166)
	at org.gradle.internal.operations.DefaultBuildOp
erationRunner.execute(DefaultBuildOperationRunner
.java:59)
	at org.gradle.internal.operations.DefaultBuildOp
erationRunner.call(DefaultBuildOperationRunner.ja
va:53)
	at org.gradle.api.internal.tasks.execution.Event
FiringTaskExecuter.execute(EventFiringTaskExecute
r.java:52)
	at org.gradle.execution.plan.LocalTaskNodeExecut
or.execute(LocalTaskNodeExecutor.java:42)
	at org.gradle.execution.taskgraph.DefaultTaskExe
cutionGraph$InvokeNodeExecutorsAction.execute(Def
aultTaskExecutionGraph.java:331)
	at org.gradle.execution.taskgraph.DefaultTaskExe
cutionGraph$InvokeNodeExecutorsAction.execute(Def
aultTaskExecutionGraph.java:318)
	at org.gradle.execution.taskgraph.DefaultTaskExe
cutionGraph$BuildOperationAwareExecutionAction.la
mbda$execute$0(DefaultTaskExecutionGraph.java:314
)
	at org.gradle.internal.operations.CurrentBuildOp
erationRef.with(CurrentBuildOperationRef.java:85)
	at org.gradle.execution.taskgraph.DefaultTaskExe
cutionGraph$BuildOperationAwareExecutionAction.ex
ecute(DefaultTaskExecutionGraph.java:314)
	at org.gradle.execution.taskgraph.DefaultTaskExe
cutionGraph$BuildOperationAwareExecutionAction.ex
ecute(DefaultTaskExecutionGraph.java:303)
	at org.gradle.execution.plan.DefaultPlanExecutor
$ExecutorWorker.execute(DefaultPlanExecutor.java:
459)
	at org.gradle.execution.plan.DefaultPlanExecutor
$ExecutorWorker.run(DefaultPlanExecutor.java:376)
	at org.gradle.internal.concurrent.ExecutorPolicy
$CatchAndRecordFailures.onExecute(ExecutorPolicy.
java:64)
	at org.gradle.internal.concurrent.AbstractManage
dExecutor$1.run(AbstractManagedExecutor.java:48)
Caused by: org.jetbrains.kotlin.gradle.tasks.Comp
ilationErrorException: Compilation error. See 
log for more details
	at org.jetbrains.kotlin.gradle.tasks.TasksUtilsK
t.throwExceptionIfCompilationFailed(tasksUtils.kt
:21)
	at org.jetbrains.kotlin.compilerRunner.GradleKot
linCompilerWork.run(GradleKotlinCompilerWork.kt:1
19)
30 actionable tasks: 1 executed, 29 up-to-date
Configuration cache entry reused.
	at org.jetbrains.kotlin.compilerRunner.GradleCom
pilerRunnerWithWorkers$GradleKotlinCompilerWorkAc
tion.execute(GradleCompilerRunnerWithWorkers.kt:7
6)
	at org.gradle.workers.internal.DefaultWorkerServ
er.execute(DefaultWorkerServer.java:63)
	at org.gradle.workers.internal.NoIsolationWorker
Factory$1$1.create(NoIsolationWorkerFactory.java:
66)
	at org.gradle.workers.internal.NoIsolationWorker
Factory$1$1.create(NoIsolationWorkerFactory.java:
62)
	at org.gradle.internal.classloader.ClassLoaderUt
ils.executeInClassloader(ClassLoaderUtils.java:10
0)
	at org.gradle.workers.internal.NoIsolationWorker
Factory$1.lambda$execute$0(NoIsolationWorkerFacto
ry.java:62)
	at org.gradle.workers.internal.AbstractWorker$1.
call(AbstractWorker.java:44)
	at org.gradle.workers.internal.AbstractWorker$1.
call(AbstractWorker.java:41)
	at org.gradle.internal.operations.DefaultBuildOp
erationRunner$CallableBuildOperationWorker.execut
e(DefaultBuildOperationRunner.java:209)
	at org.gradle.internal.operations.DefaultBuildOp
erationRunner$CallableBuildOperationWorker.execut
e(DefaultBuildOperationRunner.java:204)
	at org.gradle.internal.operations.DefaultBuildOp
erationRunner$2.execute(DefaultBuildOperationRunn
er.java:66)
	at org.gradle.internal.operations.DefaultBuildOp
erationRunner$2.execute(DefaultBuildOperationRunn
er.java:59)
	at org.gradle.internal.operations.DefaultBuildOp
erationRunner.execute(DefaultBuildOperationRunner
.java:166)
	at org.gradle.internal.operations.DefaultBuildOp
erationRunner.execute(DefaultBuildOperationRunner
.java:59)
	at org.gradle.internal.operations.DefaultBuildOp
erationRunner.call(DefaultBuildOperationRunner.ja
va:53)
	at org.gradle.workers.internal.AbstractWorker.ex
ecuteWrappedInBuildOperation(AbstractWorker.java:
41)
	at org.gradle.workers.internal.NoIsolationWorker
Factory$1.execute(NoIsolationWorkerFactory.java:5
9)
	at org.gradle.workers.internal.DefaultWorkerExec
utor.lambda$submitWork$0(DefaultWorkerExecutor.ja
va:174)
	at org.gradle.internal.work.DefaultConditionalEx
ecutionQueue$ExecutionRunner.runExecution(Default
ConditionalExecutionQueue.java:194)
	at org.gradle.internal.work.DefaultConditionalEx
ecutionQueue$ExecutionRunner.access$700(DefaultCo
nditionalExecutionQueue.java:127)
	at org.gradle.internal.work.DefaultConditionalEx
ecutionQueue$ExecutionRunner$1.run(DefaultConditi
onalExecutionQueue.java:169)
	at org.gradle.internal.Factories$1.create(Factor
ies.java:31)
	at org.gradle.internal.work.DefaultWorkerLeaseSe
rvice.withLocks(DefaultWorkerLeaseService.java:26
3)
	at org.gradle.internal.work.DefaultWorkerLeaseSe
rvice.runAsWorkerThread(DefaultWorkerLeaseService
.java:127)
	at org.gradle.internal.work.DefaultWorkerLeaseSe
rvice.runAsWorkerThread(DefaultWorkerLeaseService
.java:132)
	at org.gradle.internal.work.DefaultConditionalEx
ecutionQueue$ExecutionRunner.runBatch(DefaultCond
itionalExecutionQueue.java:164)
	at org.gradle.internal.work.DefaultConditionalEx
ecutionQueue$ExecutionRunner.run(DefaultCondition
alExecutionQueue.java:133)
	... 2 more


BUILD FAILED in 2s
